// Jest Snapshot v1, https://goo.gl/fbAQLP

exports[`Comments 1`] = `
<div
  className="flex"
>
  <div
    className="ant-comment w-full"
  >
    <div
      className="ant-comment-inner"
    >
      <div
        className="ant-comment-avatar"
      >
        <div
          className="ant-image"
          style={
            Object {
              "height": 32,
              "width": 32,
            }
          }
        >
          <img
            alt="avatar"
            className="ant-image-img rounded-full"
            onError={[Function]}
            onLoad={[Function]}
            src="user-placeholder.svg"
            style={
              Object {
                "height": 32,
              }
            }
          />
        </div>
      </div>
      <div
        className="ant-comment-content"
      >
        <div
          className="ant-comment-content-author"
        >
          <span
            className="ant-comment-content-author-name"
          >
             
          </span>
          <span
            className="ant-comment-content-author-time"
          >
            <span
              onMouseEnter={[Function]}
              onMouseLeave={[Function]}
            >
              6 days ago
            </span>
          </span>
        </div>
        <div
          className="ant-comment-content-detail"
        >
          blah blah
        </div>
      </div>
    </div>
  </div>
</div>
`;
