// Jest Snapshot v1, https://goo.gl/fbAQLP

exports[`Delete Overlay 1`] = `
<div
  className="ant-dropdown-trigger cursor-pointer h-fit"
  onClick={[Function]}
  onMouseDown={[Function]}
  onTouchStart={[Function]}
>
  <svg
    className="text-gray-400 text-2xl"
    fill="none"
    height="1em"
    stroke="currentColor"
    strokeWidth="0"
    style={
      Object {
        "color": undefined,
      }
    }
    viewBox="0 0 24 24"
    width="1em"
    xmlns="http://www.w3.org/2000/svg"
  >
    <path
      d="M12 5v.01M12 12v.01M12 19v.01M12 6a1 1 0 110-2 1 1 0 010 2zm0 7a1 1 0 110-2 1 1 0 010 2zm0 7a1 1 0 110-2 1 1 0 010 2z"
      strokeLinecap="round"
      strokeLinejoin="round"
      strokeWidth="2"
    />
  </svg>
</div>
`;
